[2026-07-24 08:51:15] Connecting to VPS...
[2026-07-24 08:51:16] Downloading mongo_20260724_114755.gz...
[2026-07-24 08:51:16] Downloaded: mongo_20260724_114755.gz (0.04 MB)
[2026-07-24 08:51:17] Done
[2026-07-25 03:30:02] Connecting to VPS...
[2026-07-25 03:30:03] Downloading mongo_20260725_030001.gz...
[2026-07-25 03:30:03] Downloaded: mongo_20260725_030001.gz (0.04 MB)
[2026-07-25 03:30:03] Done
[2026-07-26 03:30:04] Connecting to VPS...
[2026-07-26 03:30:05] Already exists: mongo_20260725_030001.gz - skipping
[2026-07-27 03:30:06] Connecting to VPS...
[2026-07-27 03:30:17] ERROR: No backup found on VPS
[2026-07-28 03:30:04] Connecting to VPS...
[2026-07-28 03:30:05] Downloading mongo_20260727_030001.gz...
[2026-07-28 03:30:08] Downloaded: mongo_20260727_030001.gz (0.04 MB)
[2026-07-28 03:30:08] Done
[2026-07-29 03:30:02] Connecting to VPS...
[2026-07-29 03:30:03] Already exists: mongo_20260727_030001.gz - skipping
[2026-07-30 03:30:03] Connecting to VPS...
[2026-07-30 03:30:04] Already exists: mongo_20260727_030001.gz - skipping
